2024-11-03 16:20:20,573 - __main__ - INFO - test thecustom logger
2024-11-03 16:42:19,441 - __main__ - INFO - This is Informational Message
2024-11-03 16:51:56,064 - __main__ - INFO - This is Informational Message
